Array
(
<<<<<<< HEAD
    [termek_id] => 6
    [action] => add
)

SESSION: Array
(
    [user_id] => 3
    [username] => felhasznalo02
    [kosar] => Array
        (
            [1] => Array
                (
                    [tnev] => Apple iPhone 11
                    [ar] => 150000
                    [kep] => elekt1.jpg
                    [mennyiseg] => 1
                )

        )

)
=======
    [termek_id] => 1
    [action] => add
)

SESSION: 
>>>>>>> e30bef2526fbf0f839950cf48af724e765e07a03
